// Jest Snapshot v1, https://goo.gl/fbAQLP

exports[`Item renders snapshot 1`] = `
<div
  className="item"
>
  <span
    style={
      Object {
        "width": "40%",
      }
    }
  >
    <a
      href="https://reactjs.org/"
    >
      React
    </a>
  </span>
  <span
    style={
      Object {
        "width": "30%",
      }
    }
  >
    Jordan Walke
  </span>
  <span
    style={
      Object {
        "width": "10%",
      }
    }
  >
    3
  </span>
  <span
    style={
      Object {
        "width": "10%",
      }
    }
  >
    4
  </span>
  <span
    style={
      Object {
        "width": "10%",
      }
    }
  >
    <button
      className="button button__small"
      onClick={[Function]}
      type="button"
    >
      Dismiss
    </button>
  </span>
</div>
`;
